******************************************************************************
                  TI ARM Linker PC v5.1.11                     
******************************************************************************
>> Linked Fri Jun 26 17:53:52 2015

OUTPUT FILE NAME:   <UCD3138_PFC_for_LiteOn_NanJing_0626.out>
ENTRY POINT SYMBOL: "_c_int00"  address: 00002774


MEMORY CONFIGURATION

         name            origin    length      used     unused   attr    fill
----------------------  --------  ---------  --------  --------  ----  --------
  VECS                  00000000   00000020  00000020  00000000  RWIX
  PFLASH                00000020   00007f38  00004a72  000034c6  R  X
  DEVICEID              00007f58   00000020  00000020  00000000  R  X
  FIXTFA                00007f78   00000004  00000000  00000004  R  X
  FIXCONST              00007f7c   00000080  00000000  00000080  R  X
  FLASHSUM              00007ffc   00000004  00000000  00000004  R  X
  ROM                   0000a020   00001d5e  00000000  00001d5e  RWIX
  SINE                  0000bd7e   00000282  00000000  00000282  RWIX
  DFLASH                00018800   00000400  000000b0  00000350  R  X
  DFLASH_CAL            00018c00   00000020  00000020  00000000  R  X
  TESTER                00019000   0000001c  00000000  0000001c  RW  
  RAM                   0001901c   00000e50  000007ec  00000664  RW  
  STACKS                00019e6c   00000190  00000000  00000190  RW  
  ROMLOCK               00019ffc   00000004  00000000  00000004  RW  
  LOOP_MUX              00020000   00000078  00000078  00000000  RWIX
  FAULT_MUX             00030000   00000080  00000080  00000000  RWIX
  ADC                   00040000   00000098  00000098  00000000  RWIX
  DPWM3                 00050000   0000008c  0000008c  00000000  RWIX
  FILTER2               00060000   00000064  00000064  00000000  RWIX
  DPWM2                 00070000   0000008c  0000008c  00000000  RWIX
  FE_CTRL2              00080000   00000044  00000044  00000000  RWIX
  FILTER1               00090000   00000064  00000064  00000000  RWIX
  DPWM1                 000a0000   0000008c  0000008c  00000000  RWIX
  FE_CTRL1              000b0000   00000044  00000044  00000000  RWIX
  FILTER0               000c0000   00000064  00000064  00000000  RWIX
  DPWM0                 000d0000   0000008c  0000008c  00000000  RWIX
  FE_CTRL0              000e0000   00000044  00000044  00000000  RWIX
  ERRLOG                fff00000   00000004  00000000  00000004  RWIX
  UART0                 fff7ec00   00000038  00000038  00000000  RWIX
  UART1                 fff7ed00   00000038  00000038  00000000  RWIX
  MISC_ANALOG           fff7f000   00000048  00000048  00000000  RWIX
  PMBUS                 fff7f600   00000024  00000024  00000000  RWIX
  GIO                   fff7fa00   00000040  00000040  00000000  RWIX
  TIMER                 fff7fd00   0000009c  0000009c  00000000  RWIX
  MMC                   fffffd00   0000003c  0000003c  00000000  RWIX
  DEC                   fffffe00   0000009c  0000009c  00000000  RWIX
  CIM                   ffffff20   00000018  00000018  00000000  RWIX
  SYS                   ffffffd0   00000030  00000030  00000000  RWIX


SECTION ALLOCATION MAP

 output                                  attributes/
section   page    origin      length       input sections
--------  ----  ----------  ----------   ----------------
.cinit     0    00000020    00000000     UNINITIALIZED

.vectors   0    00000000    00000020     
                  00000000    00000020     load.obj (.vectors)

.text      0    00000020    00004910     
                  00000020    00000ab4     standard_interrupt.obj (.text:retain)
                  00000ad4    00000a88     pmbus.obj (.text)
                  0000155c    000007d4     standard_interrupt.obj (.text)
                  00001d30    0000072c     uart.obj (.text)
                  0000245c    00000564     main.obj (.text)
                  000029c0    00000370     primary_secondary_communication.obj (.text)
                  00002d30    0000036c     pmbus_coefficients.obj (.text)
                  0000309c    0000031c     init_miscellaneous.obj (.text)
                  000033b8    00000318     interrupts.obj (.text:retain)
                  000036d0    000002e0     ipm.lib : ipm.obj (.text)
                  000039b0    00000290     pmbus_handler.obj (.text)
                  00003c40    0000028c     rtsv4_T_be_tiarm9.lib : ull_div32.obj (.text)
                  00003ecc    000001c0     flash.obj (.text)
                  0000408c    00000148     init_dpwms.obj (.text)
                  000041d4    00000100     rtsv4_T_be_tiarm9.lib : i_div32.obj (.text)
                  000042d4    000000e0                           : u_div32.obj (.text)
                  000043b4    000000d8     load.obj (.text)
                  0000448c    000000c8     software_interrupt_wrapper.obj (.text)
                  00004554    0000009a     rtsv4_T_be_tiarm9.lib : memcpy16.obj (.text)
                  000045ee    00000082                           : fs_div16.obj (.text)
                  00004670    00000076                           : fs_mul16.obj (.text)
                  000046e6    00000002     --HOLE-- [fill = 0]
                  000046e8    00000074     init_filters.obj (.text)
                  0000475c    00000048     init_loop_mux.obj (.text)
                  000047a4    00000048     zoiw.obj (.text)
                  000047ec    00000044     init_front_ends.obj (.text)
                  00004830    00000038     rtsv4_T_be_tiarm9.lib : fs_toi16.obj (.text)
                  00004868    00000034     device_id.obj (.text)
                  0000489c    0000002a     rtsv4_T_be_tiarm9.lib : ll_mul16.obj (.text)
                  000048c6    00000028                           : u_tofs16.obj (.text)
                  000048ee    0000001e                           : ll_lsr16.obj (.text)
                  0000490c    00000016                           : ull_div16.obj (.text)
                  00004922    00000002     --HOLE-- [fill = 0]
                  00004924    0000000c     ipm.lib : ipm.obj (.tramp.$.text:ipm.lib<ipm.obj>$0x68.1)

.const     0    00004930    00000162     
                  00004930    0000009c     pmbus.obj (.const:.string)
                  000049cc    00000054     pmbus_coefficients.obj (.const:_pfc_config_hardcoded)
                  00004a20    0000004c     pmbus.obj (.const:_parm_mem_start)
                  00004a6c    00000026     pmbus.obj (.const:_parm_mem_length)

FixedDeviceID 
*          0    00007f58    00000020     
                  00007f58    00000020     device_id.obj (FixedDeviceID)

.CONFIG_A 
*          0    00018800    00000058     
                  00018800    00000058     pmbus_coefficients.obj (.CONFIG_A)

.CONFIG_B 
*          0    00018860    00000058     UNINITIALIZED
                  00018860    00000058     pmbus_coefficients.obj (.CONFIG_B)

.LITEON_CAL 
*          0    00018c00    00000020     UNINITIALIZED
                  00018c00    00000020     main.obj (.LITEON_CAL)

.bss       0    0001901c    000007ec     UNINITIALIZED
                  0001901c    000003f2     main.obj (.bss:_meDebug)
                  0001940e    00000002     --HOLE--
                  00019410    000001f4     main.obj (.bss:_iv)
                  00019604    00000181     main.obj (.bss)
                  00019785    00000003     --HOLE--
                  00019788    00000054     main.obj (.bss:_pfc_config_in_ram)
                  000197dc    00000028     main.obj (.bss:_pmbus_buffer)
                  00019804    00000004     interrupts.obj (.bss)

.stack     0    00019e6c    00000000     UNINITIALIZED

LoopMuxRegsFile 
*          0    00020000    00000078     UNINITIALIZED
                  00020000    00000078     cyclone_global_variables_defs.obj (LoopMuxRegsFile)

FaultMuxRegsFile 
*          0    00030000    00000080     UNINITIALIZED
                  00030000    00000080     cyclone_global_variables_defs.obj (FaultMuxRegsFile)

AdcRegsFile 
*          0    00040000    00000098     UNINITIALIZED
                  00040000    00000098     cyclone_global_variables_defs.obj (AdcRegsFile)

Dpwm3RegsFile 
*          0    00050000    0000008c     UNINITIALIZED
                  00050000    0000008c     cyclone_global_variables_defs.obj (Dpwm3RegsFile)

Filter2RegsFile 
*          0    00060000    00000064     UNINITIALIZED
                  00060000    00000064     cyclone_global_variables_defs.obj (Filter2RegsFile)

Dpwm2RegsFile 
*          0    00070000    0000008c     UNINITIALIZED
                  00070000    0000008c     cyclone_global_variables_defs.obj (Dpwm2RegsFile)

FeCtrl2RegsFile 
*          0    00080000    00000044     UNINITIALIZED
                  00080000    00000044     cyclone_global_variables_defs.obj (FeCtrl2RegsFile)

Filter1RegsFile 
*          0    00090000    00000064     UNINITIALIZED
                  00090000    00000064     cyclone_global_variables_defs.obj (Filter1RegsFile)

Dpwm1RegsFile 
*          0    000a0000    0000008c     UNINITIALIZED
                  000a0000    0000008c     cyclone_global_variables_defs.obj (Dpwm1RegsFile)

FeCtrl1RegsFile 
*          0    000b0000    00000044     UNINITIALIZED
                  000b0000    00000044     cyclone_global_variables_defs.obj (FeCtrl1RegsFile)

Filter0RegsFile 
*          0    000c0000    00000064     UNINITIALIZED
                  000c0000    00000064     cyclone_global_variables_defs.obj (Filter0RegsFile)

Dpwm0RegsFile 
*          0    000d0000    0000008c     UNINITIALIZED
                  000d0000    0000008c     cyclone_global_variables_defs.obj (Dpwm0RegsFile)

FeCtrl0RegsFile 
*          0    000e0000    00000044     UNINITIALIZED
                  000e0000    00000044     cyclone_global_variables_defs.obj (FeCtrl0RegsFile)

Uart0RegsFile 
*          0    fff7ec00    00000038     UNINITIALIZED
                  fff7ec00    00000038     cyclone_global_variables_defs.obj (Uart0RegsFile)

Uart1RegsFile 
*          0    fff7ed00    00000038     UNINITIALIZED
                  fff7ed00    00000038     cyclone_global_variables_defs.obj (Uart1RegsFile)

MiscAnalogRegsFile 
*          0    fff7f000    00000048     UNINITIALIZED
                  fff7f000    00000048     cyclone_global_variables_defs.obj (MiscAnalogRegsFile)

PMBusRegsFile 
*          0    fff7f600    00000024     UNINITIALIZED
                  fff7f600    00000024     cyclone_global_variables_defs.obj (PMBusRegsFile)

GioRegsFile 
*          0    fff7fa00    00000040     UNINITIALIZED
                  fff7fa00    00000040     cyclone_global_variables_defs.obj (GioRegsFile)

TimerRegsFile 
*          0    fff7fd00    0000009c     UNINITIALIZED
                  fff7fd00    0000009c     cyclone_global_variables_defs.obj (TimerRegsFile)

MmcRegsFile 
*          0    fffffd00    0000003c     UNINITIALIZED
                  fffffd00    0000003c     cyclone_global_variables_defs.obj (MmcRegsFile)

DecRegsFile 
*          0    fffffe00    0000009c     UNINITIALIZED
                  fffffe00    0000009c     cyclone_global_variables_defs.obj (DecRegsFile)

CimRegsFile 
*          0    ffffff20    00000018     UNINITIALIZED
                  ffffff20    00000018     cyclone_global_variables_defs.obj (CimRegsFile)

SysRegsFile 
*          0    ffffffd0    00000030     UNINITIALIZED
                  ffffffd0    00000030     cyclone_global_variables_defs.obj (SysRegsFile)

VENEERS

callee name               veneer name
   callee addr  veneer addr  call addr  call info
--------------  -----------  ---------  ----------------
$.text:ipm.lib<ipm.obj>$0x68  $Ven$AT$L$PI$$$.text:ipm.lib<ipm.obj>$0x68
   00003738     00004924     00000100   standard_interrupt.obj (.text:retain)

[1 trampolines]
[1 trampoline calls]


GLOBAL SYMBOLS: SORTED ALPHABETICALLY BY Name 

address    name
--------   ----
0001901c   .bss
00000020   .text
00004554   C$MEMCPY
000045ee   FS$DIV
00004670   FS$MUL
00004830   FS$TOI
000041d4   I$DIV
000041d4   I$MOD
000041d8   I_DIV
000041d8   I_MOD
000048ee   LL$LSR
0000489c   LL$MUL
000042d4   U$DIV
000042d4   U$MOD
000048c6   U$TOFS
0000490c   ULL$DIV
0000490c   ULL$MOD
00003c40   ULL_DIV
00003c40   ULL_MOD
000042d8   U_DIV
000042d8   U_MOD
00040000   _AdcRegs
000028c8   _CMD_GEN_CAL_W_Handler
0000249c   _CheckInputCaliData
ffffff20   _CimRegs
fffffe00   _DecRegs
000d0000   _Dpwm0Regs
000a0000   _Dpwm1Regs
00070000   _Dpwm2Regs
00050000   _Dpwm3Regs
00030000   _FaultMuxRegs
000e0000   _FeCtrl0Regs
000b0000   _FeCtrl1Regs
00080000   _FeCtrl2Regs
000c0000   _Filter0Regs
00090000   _Filter1Regs
00060000   _Filter2Regs
fff7fa00   _GioRegs
00018c00   _Liteon_CAL
00020000   _LoopMuxRegs
fff7f000   _MiscAnalogRegs
fffffd00   _MmcRegs
000196e2   _PMBUS_L11_Iin
000196e4   _PMBUS_L11_Pin
000196e0   _PMBUS_L11_Vin
fff7f600   _PMBusRegs
00019784   _PS
00002484   _ReadCalibration
00002798   _SaveCalibrationDataToFlash
00019fec   _StackABORT_
00019f94   _StackFIQ_
00019fe8   _StackIRQ_
00019ffc   _StackSUPER_
00019ff0   _StackUND_
00019f24   _StackUSER_
ffffffd0   _SysRegs
00019710   _T24SREG
fff7fd00   _TimerRegs
fff7ec00   _Uart0Regs
fff7ed00   _Uart1Regs
00019758   _UserData
00002778   _WriteCalibration
ffffffff   ___binit__
0001901c   ___bss__
ffffffff   ___c_args__
ffffffff   ___cinit__
00019808   ___end__
00004930   ___etext__
ffffffff   ___pinit__
00000020   ___text__
00003660   _abort_data_fetch_exception
0000365c   _abort_prefetch_exception
000196f0   _ac_frequency
00019724   _ac_input
00019718   _ac_recover_counter
0001970c   _baud_div_value
00019744   _brown_in_voltage
00019748   _brown_out_voltage
00019783   _bstatus
000196bc   _bufferRX
000196b0   _bufferTX
00001e10   _byte_out_0
00001d6c   _byte_out_1
00002ac0   _byte_out_pri_sec_com
00002440   _byte_out_space_0
00002430   _byte_out_space_1
00002774   _c_int00
00003f14   _calc_flash_segments
00003f84   _calculate_dflash_checksum
00001dcc   _char_out_0
00001d30   _char_out_1
00004544   _clear_integrity_word
00004534   _clear_tfa_mode
000049ac   _cmd_dcdc
0000498c   _cmd_pfc
00019640   _copy_buffer
00002d30   _copy_configuration_to_ram
00002e78   _copy_configuration_to_registers
0001972c   _dc_ac_half_load_rampdown_voltage
00019730   _dc_ac_half_load_vbus_good_off
00019728   _dc_input
00004930   _debug_0_text
00004938   _debug_1_text
00004940   _debug_2_text
00004948   _debug_3_text
00004950   _debug_4_text
00004958   _debug_5_text
00004960   _debug_6_text
00004968   _debug_7_text
0001966c   _debug_buffer
000023cc   _decimal_out_3_digits_0
0000235c   _decimal_out_3_digits_1
00002300   _decimal_out_4_digits_0
000022b0   _decimal_out_4_digits_1
00002254   _decimal_out_4_digits_tenths_0
000021f0   _decimal_out_4_digits_tenths_1
00002190   _decimal_out_5_digits_0
00002130   _decimal_out_5_digits_1
000020cc   _decimal_out_6_digits_0
00002068   _decimal_out_6_digits_1
00002008   _decimal_out_8_digits_0
00007f58   _device_id_string
00004524   _disable_fast_interrupt
00004514   _disable_interrupt
0001977c   _e_meter_version
0000394c   _e_meter_version_request
00003930   _e_metering
00019711   _edge
00019678   _emi_capacitance
00019680   _emi_discharge_resistance
0001967c   _emi_resistance
00004504   _enable_fast_interrupt
000044f4   _enable_interrupt
000044e4   _erase_data_flash_segment
000044d4   _erase_dflash_segment_no_delay
00004040   _erase_one_section
00019674   _erase_segment_counter
00019675   _erase_segment_number
00004010   _erase_task
00019700   _ext_temp1
00003664   _fast_interrupt
00019676   _flash_write_status
000196c8   _fw_revision
00019781   _gui_constant_pointer
000026f8   _handle_serial_in
00019694   _iin_offset
00019698   _iin_offset_shift
00019684   _iin_rms
0001968c   _iin_slope
00019690   _iin_slope_shift
0000327c   _init_adc_polled
000040ec   _init_dpwm0
0000411c   _init_dpwm1
000041a0   _init_dpwms
0000322c   _init_fault_mux
00004748   _init_filter0
000046e8   _init_filter1
00004744   _init_filter2
00004738   _init_filters
000047ec   _init_front_end0
000047f8   _init_front_end1
00004804   _init_front_end2
00004810   _init_front_ends
0000475c   _init_loop_mux
000030e8   _init_miscellaneous
000030d4   _init_pmbus
0000309c   _init_timer_interrupt
00001ff8   _init_uart
00001f70   _init_uart0
00001ee8   _init_uart1
00003890   _input_current_calculation
000037d0   _input_power_calculation
00003738   _input_power_measurement
000036d0   _input_voltage_calculation
00019668   _ipm_or_zvs
00019410   _iv
00003f9c   _look_for_interrupted_dflash_erase
000024c4   _main
000196e8   _mantissa
0001901c   _meDebug
00004974   _na_text
00001df8   _nybble_out_0
00001d54   _nybble_out_1
00001ed4   _on_off_out_0
00001ec0   _on_off_out_1
000196d0   _output_current
00002ad8   _output_primary_secondary_message
0001963c   _parm_count
00019638   _parm_index
00004a6c   _parm_mem_length
00004a20   _parm_mem_start
0001963a   _parm_offset
0001963d   _parm_size
00019804   _pctrl_original
00018854   _pfc_config_checksum_a
000188b4   _pfc_config_checksum_b
00018800   _pfc_config_constants_a
00018860   _pfc_config_constants_b
000049cc   _pfc_config_hardcoded
00019788   _pfc_config_in_ram
000196cc   _pfc_voltage
00019688   _pin
000197dc   _pmbus_buffer
00019662   _pmbus_buffer_position
00003be8   _pmbus_handler
00003b1c   _pmbus_idle_handler
00001004   _pmbus_mfr_id_handler
0000101c   _pmbus_mfr_model_handler
00001040   _pmbus_mfr_revision_handler
00019661   _pmbus_number_of_bytes
00003a6c   _pmbus_read_block_handler
00001068   _pmbus_read_calibration_info
0000113c   _pmbus_read_cmd_dcdc_nonpaged
00001114   _pmbus_read_cmd_dcdc_paged
00001164   _pmbus_read_cmd_pfc
0000118c   _pmbus_read_debug_buffer
00004868   _pmbus_read_device_id
000011d0   _pmbus_read_gui_constant
00000fd0   _pmbus_read_iin
000013b8   _pmbus_read_message
00000fb4   _pmbus_read_one_byte_handler
00000f84   _pmbus_read_parm_info
00000f30   _pmbus_read_parm_value
00002ff4   _pmbus_read_pi_coefficients
00000ec4   _pmbus_read_pin
00000e88   _pmbus_read_setup_id
00000e00   _pmbus_read_two_byte_handler
00000e70   _pmbus_read_user_ram_00
00000e54   _pmbus_read_vout_cmd
00000e38   _pmbus_read_vout_handler
00000e14   _pmbus_read_vout_ov_fault_limit
00003a44   _pmbus_read_wait_for_eom_handler
00019660   _pmbus_state
00019664   _pmbus_status_half_word_0_value
00019666   _pmbus_status_half_word_0_value_ored
000039b0   _pmbus_write_block_handler
00000d58   _pmbus_write_calibration_data
00000d34   _pmbus_write_frequency
00000d64   _pmbus_write_gui_constant
00000d70   _pmbus_write_message
00000ce4   _pmbus_write_parm_info
00000c14   _pmbus_write_parm_value
00002fb0   _pmbus_write_pi_coefficients
00002f54   _pmbus_write_restore_default_all
00000c04   _pmbus_write_rom_mode
00002ddc   _pmbus_write_store_default_all
00000bf8   _pmbus_write_user_ram_00
00000bbc   _pmbus_write_vout_cmd
00000b78   _pmbus_write_vout_ov_fault_limit
000015f0   _poll_adc
00019738   _pre_vbus_mode
000015c0   _preset_filter1
000196fc   _pri_temp1
00019634   _primary_secondary_count
00002a24   _process_uart_rx_data
00019708   _pulse_width
0001973c   _rampdown_notcomplete
000196f8   _rampdown_target
00019740   _rampup_notcomplete
000196f4   _rampup_target
00019714   _result
00000b58   _send_string_memcpy
0000408c   _set_new_switching_frequency
000044c4   _set_tfa_mode
0000497c   _setup_id
00001e2c   _short_out_0
00001d88   _short_out_1
00001eb0   _short_out_space_0
00001ea0   _short_out_space_1
00000b18   _sign_extend
00000b24   _simple_translate
00019704   _softstart_flag
000033bc   _software_interrupt
00019778   _standard_int_freq
00000020   _standard_interrupt
000196d2   _standby_output_current
00003f48   _start_erase_task
00019604   _status_0
00019608   _status_1
0001960c   _status_1_hold
00019780   _status_cml
00001e88   _string_out_0
00001e70   _string_out_1
00019610   _switching_frequency
000029cc   _translate_nybble_in
000029f8   _translate_text_to_raw
00001580   _turn_off_pfc
0000155c   _turn_on_pfc
000196ec   _uExponent
000196ee   _uMantissa
000029c0   _u_to_s
00019614   _uart_rx_buf
000196d8   _uart_rx_buf_err
00019625   _uart_rx_buf_ptr
00019624   _uart_rx_data_rdy
00019628   _uart_rx_timer
0001961c   _uart_text_in_buf
00019630   _uart_tx_checksum
0001962c   _uart_tx_timeout
000033b8   _undefined_instruction_exception
00003f04   _update_data_flash
00019782   _user_ram_00
0000245c   _usqr_simple
000196d4   _vac_from_meter_ic
00004970   _vbus_full_range_text
00019734   _vbus_mode
00019720   _vbus_ok
00019754   _vin_min_off
00019750   _vin_min_off_sq_avg
0001974c   _vin_min_on_sq_avg
000196a8   _vin_offset
000196ac   _vin_offset_shift
0001969c   _vin_rms
000196a0   _vin_slope
000196a4   _vin_slope_shift
00000ad4   _watchdog_reset
00001e48   _word_out_0
00001da4   _word_out_1
00001e60   _word_out_space_0
00001dbc   _word_out_space_1
000044b8   _write_data_flash_block
000044ac   _write_data_flash_word
0000449c   _write_firqpr
00003ecc   _write_program_flash_word
0000448c   _write_reqmask
0001971c   _xflag
00004978   _yes_text
000047a4   _zero_integrity_word
000047ec   _zoiw_end
00019669   _zvs_flag
ffffffff   binit
ffffffff   cinit
00019808   end
00004930   etext
ffffffff   pinit
ffffa4dc   rom_main


GLOBAL SYMBOLS: SORTED BY Symbol Address 

address    name
--------   ----
00000020   .text
00000020   ___text__
00000020   _standard_interrupt
00000ad4   _watchdog_reset
00000b18   _sign_extend
00000b24   _simple_translate
00000b58   _send_string_memcpy
00000b78   _pmbus_write_vout_ov_fault_limit
00000bbc   _pmbus_write_vout_cmd
00000bf8   _pmbus_write_user_ram_00
00000c04   _pmbus_write_rom_mode
00000c14   _pmbus_write_parm_value
00000ce4   _pmbus_write_parm_info
00000d34   _pmbus_write_frequency
00000d58   _pmbus_write_calibration_data
00000d64   _pmbus_write_gui_constant
00000d70   _pmbus_write_message
00000e00   _pmbus_read_two_byte_handler
00000e14   _pmbus_read_vout_ov_fault_limit
00000e38   _pmbus_read_vout_handler
00000e54   _pmbus_read_vout_cmd
00000e70   _pmbus_read_user_ram_00
00000e88   _pmbus_read_setup_id
00000ec4   _pmbus_read_pin
00000f30   _pmbus_read_parm_value
00000f84   _pmbus_read_parm_info
00000fb4   _pmbus_read_one_byte_handler
00000fd0   _pmbus_read_iin
00001004   _pmbus_mfr_id_handler
0000101c   _pmbus_mfr_model_handler
00001040   _pmbus_mfr_revision_handler
00001068   _pmbus_read_calibration_info
00001114   _pmbus_read_cmd_dcdc_paged
0000113c   _pmbus_read_cmd_dcdc_nonpaged
00001164   _pmbus_read_cmd_pfc
0000118c   _pmbus_read_debug_buffer
000011d0   _pmbus_read_gui_constant
000013b8   _pmbus_read_message
0000155c   _turn_on_pfc
00001580   _turn_off_pfc
000015c0   _preset_filter1
000015f0   _poll_adc
00001d30   _char_out_1
00001d54   _nybble_out_1
00001d6c   _byte_out_1
00001d88   _short_out_1
00001da4   _word_out_1
00001dbc   _word_out_space_1
00001dcc   _char_out_0
00001df8   _nybble_out_0
00001e10   _byte_out_0
00001e2c   _short_out_0
00001e48   _word_out_0
00001e60   _word_out_space_0
00001e70   _string_out_1
00001e88   _string_out_0
00001ea0   _short_out_space_1
00001eb0   _short_out_space_0
00001ec0   _on_off_out_1
00001ed4   _on_off_out_0
00001ee8   _init_uart1
00001f70   _init_uart0
00001ff8   _init_uart
00002008   _decimal_out_8_digits_0
00002068   _decimal_out_6_digits_1
000020cc   _decimal_out_6_digits_0
00002130   _decimal_out_5_digits_1
00002190   _decimal_out_5_digits_0
000021f0   _decimal_out_4_digits_tenths_1
00002254   _decimal_out_4_digits_tenths_0
000022b0   _decimal_out_4_digits_1
00002300   _decimal_out_4_digits_0
0000235c   _decimal_out_3_digits_1
000023cc   _decimal_out_3_digits_0
00002430   _byte_out_space_1
00002440   _byte_out_space_0
0000245c   _usqr_simple
00002484   _ReadCalibration
0000249c   _CheckInputCaliData
000024c4   _main
000026f8   _handle_serial_in
00002774   _c_int00
00002778   _WriteCalibration
00002798   _SaveCalibrationDataToFlash
000028c8   _CMD_GEN_CAL_W_Handler
000029c0   _u_to_s
000029cc   _translate_nybble_in
000029f8   _translate_text_to_raw
00002a24   _process_uart_rx_data
00002ac0   _byte_out_pri_sec_com
00002ad8   _output_primary_secondary_message
00002d30   _copy_configuration_to_ram
00002ddc   _pmbus_write_store_default_all
00002e78   _copy_configuration_to_registers
00002f54   _pmbus_write_restore_default_all
00002fb0   _pmbus_write_pi_coefficients
00002ff4   _pmbus_read_pi_coefficients
0000309c   _init_timer_interrupt
000030d4   _init_pmbus
000030e8   _init_miscellaneous
0000322c   _init_fault_mux
0000327c   _init_adc_polled
000033b8   _undefined_instruction_exception
000033bc   _software_interrupt
0000365c   _abort_prefetch_exception
00003660   _abort_data_fetch_exception
00003664   _fast_interrupt
000036d0   _input_voltage_calculation
00003738   _input_power_measurement
000037d0   _input_power_calculation
00003890   _input_current_calculation
00003930   _e_metering
0000394c   _e_meter_version_request
000039b0   _pmbus_write_block_handler
00003a44   _pmbus_read_wait_for_eom_handler
00003a6c   _pmbus_read_block_handler
00003b1c   _pmbus_idle_handler
00003be8   _pmbus_handler
00003c40   ULL_DIV
00003c40   ULL_MOD
00003ecc   _write_program_flash_word
00003f04   _update_data_flash
00003f14   _calc_flash_segments
00003f48   _start_erase_task
00003f84   _calculate_dflash_checksum
00003f9c   _look_for_interrupted_dflash_erase
00004010   _erase_task
00004040   _erase_one_section
0000408c   _set_new_switching_frequency
000040ec   _init_dpwm0
0000411c   _init_dpwm1
000041a0   _init_dpwms
000041d4   I$DIV
000041d4   I$MOD
000041d8   I_DIV
000041d8   I_MOD
000042d4   U$DIV
000042d4   U$MOD
000042d8   U_DIV
000042d8   U_MOD
0000448c   _write_reqmask
0000449c   _write_firqpr
000044ac   _write_data_flash_word
000044b8   _write_data_flash_block
000044c4   _set_tfa_mode
000044d4   _erase_dflash_segment_no_delay
000044e4   _erase_data_flash_segment
000044f4   _enable_interrupt
00004504   _enable_fast_interrupt
00004514   _disable_interrupt
00004524   _disable_fast_interrupt
00004534   _clear_tfa_mode
00004544   _clear_integrity_word
00004554   C$MEMCPY
000045ee   FS$DIV
00004670   FS$MUL
000046e8   _init_filter1
00004738   _init_filters
00004744   _init_filter2
00004748   _init_filter0
0000475c   _init_loop_mux
000047a4   _zero_integrity_word
000047ec   _init_front_end0
000047ec   _zoiw_end
000047f8   _init_front_end1
00004804   _init_front_end2
00004810   _init_front_ends
00004830   FS$TOI
00004868   _pmbus_read_device_id
0000489c   LL$MUL
000048c6   U$TOFS
000048ee   LL$LSR
0000490c   ULL$DIV
0000490c   ULL$MOD
00004930   ___etext__
00004930   _debug_0_text
00004930   etext
00004938   _debug_1_text
00004940   _debug_2_text
00004948   _debug_3_text
00004950   _debug_4_text
00004958   _debug_5_text
00004960   _debug_6_text
00004968   _debug_7_text
00004970   _vbus_full_range_text
00004974   _na_text
00004978   _yes_text
0000497c   _setup_id
0000498c   _cmd_pfc
000049ac   _cmd_dcdc
000049cc   _pfc_config_hardcoded
00004a20   _parm_mem_start
00004a6c   _parm_mem_length
00007f58   _device_id_string
00018800   _pfc_config_constants_a
00018854   _pfc_config_checksum_a
00018860   _pfc_config_constants_b
000188b4   _pfc_config_checksum_b
00018c00   _Liteon_CAL
0001901c   .bss
0001901c   ___bss__
0001901c   _meDebug
00019410   _iv
00019604   _status_0
00019608   _status_1
0001960c   _status_1_hold
00019610   _switching_frequency
00019614   _uart_rx_buf
0001961c   _uart_text_in_buf
00019624   _uart_rx_data_rdy
00019625   _uart_rx_buf_ptr
00019628   _uart_rx_timer
0001962c   _uart_tx_timeout
00019630   _uart_tx_checksum
00019634   _primary_secondary_count
00019638   _parm_index
0001963a   _parm_offset
0001963c   _parm_count
0001963d   _parm_size
00019640   _copy_buffer
00019660   _pmbus_state
00019661   _pmbus_number_of_bytes
00019662   _pmbus_buffer_position
00019664   _pmbus_status_half_word_0_value
00019666   _pmbus_status_half_word_0_value_ored
00019668   _ipm_or_zvs
00019669   _zvs_flag
0001966c   _debug_buffer
00019674   _erase_segment_counter
00019675   _erase_segment_number
00019676   _flash_write_status
00019678   _emi_capacitance
0001967c   _emi_resistance
00019680   _emi_discharge_resistance
00019684   _iin_rms
00019688   _pin
0001968c   _iin_slope
00019690   _iin_slope_shift
00019694   _iin_offset
00019698   _iin_offset_shift
0001969c   _vin_rms
000196a0   _vin_slope
000196a4   _vin_slope_shift
000196a8   _vin_offset
000196ac   _vin_offset_shift
000196b0   _bufferTX
000196bc   _bufferRX
000196c8   _fw_revision
000196cc   _pfc_voltage
000196d0   _output_current
000196d2   _standby_output_current
000196d4   _vac_from_meter_ic
000196d8   _uart_rx_buf_err
000196e0   _PMBUS_L11_Vin
000196e2   _PMBUS_L11_Iin
000196e4   _PMBUS_L11_Pin
000196e8   _mantissa
000196ec   _uExponent
000196ee   _uMantissa
000196f0   _ac_frequency
000196f4   _rampup_target
000196f8   _rampdown_target
000196fc   _pri_temp1
00019700   _ext_temp1
00019704   _softstart_flag
00019708   _pulse_width
0001970c   _baud_div_value
00019710   _T24SREG
00019711   _edge
00019714   _result
00019718   _ac_recover_counter
0001971c   _xflag
00019720   _vbus_ok
00019724   _ac_input
00019728   _dc_input
0001972c   _dc_ac_half_load_rampdown_voltage
00019730   _dc_ac_half_load_vbus_good_off
00019734   _vbus_mode
00019738   _pre_vbus_mode
0001973c   _rampdown_notcomplete
00019740   _rampup_notcomplete
00019744   _brown_in_voltage
00019748   _brown_out_voltage
0001974c   _vin_min_on_sq_avg
00019750   _vin_min_off_sq_avg
00019754   _vin_min_off
00019758   _UserData
00019778   _standard_int_freq
0001977c   _e_meter_version
00019780   _status_cml
00019781   _gui_constant_pointer
00019782   _user_ram_00
00019783   _bstatus
00019784   _PS
00019788   _pfc_config_in_ram
000197dc   _pmbus_buffer
00019804   _pctrl_original
00019808   ___end__
00019808   end
00019f24   _StackUSER_
00019f94   _StackFIQ_
00019fe8   _StackIRQ_
00019fec   _StackABORT_
00019ff0   _StackUND_
00019ffc   _StackSUPER_
00020000   _LoopMuxRegs
00030000   _FaultMuxRegs
00040000   _AdcRegs
00050000   _Dpwm3Regs
00060000   _Filter2Regs
00070000   _Dpwm2Regs
00080000   _FeCtrl2Regs
00090000   _Filter1Regs
000a0000   _Dpwm1Regs
000b0000   _FeCtrl1Regs
000c0000   _Filter0Regs
000d0000   _Dpwm0Regs
000e0000   _FeCtrl0Regs
fff7ec00   _Uart0Regs
fff7ed00   _Uart1Regs
fff7f000   _MiscAnalogRegs
fff7f600   _PMBusRegs
fff7fa00   _GioRegs
fff7fd00   _TimerRegs
ffffa4dc   rom_main
fffffd00   _MmcRegs
fffffe00   _DecRegs
ffffff20   _CimRegs
ffffffd0   _SysRegs
ffffffff   ___binit__
ffffffff   ___c_args__
ffffffff   ___cinit__
ffffffff   ___pinit__
ffffffff   binit
ffffffff   cinit
ffffffff   pinit

[336 symbols]
